Microchip MPLAB XC8 Compiler V1.35 ()

Linker command line:

--edf=C:\Program Files (x86)\Microchip\xc8\v1.35\dat\en_msgs.txt -cs \
  -h+dist/default/production\TESTING.X.production.sym \
  --cmf=dist/default/production\TESTING.X.production.cmf -z -Q16F877A \
  -oC:\Users\NISALW~1\AppData\Local\Temp\s5c8.2 \
  -Mdist/default/production/TESTING.X.production.map -E1 -ver=XC8 \
  -ASTACK=0150h-016fh -pstack=STACK -ACODE=00h-07FFhx4 -ASTRCODE=00h-01FFFh \
  -ASTRING=00h-0FFhx32 -ACONST=00h-0FFhx32 -AENTRY=00h-0FFhx32 \
  -ACOMMON=070h-07Fh -ABANK0=020h-06Fh -ABANK1=0A0h-0EFh \
  -ABANK2=0110h-016Fh -ABANK3=0190h-01EFh \
  -ARAM=020h-06Fh,0A0h-0EFh,0110h-016Fh,0190h-01EFh \
  -AABS1=020h-07Fh,0A0h-0EFh,0110h-016Fh,0190h-01EFh -ASFR0=00h-01Fh \
  -ASFR1=080h-09Fh -ASFR2=0100h-010Fh -ASFR3=0180h-018Fh \
  -preset_vec=00h,intentry=04h,init,end_init -ppowerup=CODE -pcinit=CODE \
  -pfunctab=CODE -ACONFIG=02007h-02007h -pconfig=CONFIG -DCONFIG=2 \
  -AIDLOC=02000h-02003h -pidloc=IDLOC -DIDLOC=2 -AEEDATA=00h-0FFh/02100h \
  -peeprom_data=EEDATA -DEEDATA=2 -DCODE=2 -DSTRCODE=2 -DSTRING=2 -DCONST=2 \
  -DENTRY=2 -k C:\Users\NISALW~1\AppData\Local\Temp\s5c8.obj \
  dist/default/production\TESTING.X.production.obj 

Object code version is 3.11

Machine type is 16F877A



                Name                               Link     Load   Length Selector   Space Scale
C:\Users\NISALW~1\AppData\Local\Temp\s5c8.obj
                end_init                             12       12        3        8       0
                reset_vec                             0        0        3        0       0
                config                             2007     2007        1     400E       0
dist/default/production\TESTING.X.production.obj
                cinit                                15       15       2D        8       0
                intentry                              4        4        E        8       0
                text23                             136A     136A       45     26D4       0
                text22                             1201     1201       1A     2402       0
                text21                             148B     148B       58     2916       0
                text20                             13AF     13AF       47     275E       0
                text19                              A0C      A0C       68     1418       0
                text18                              956      956       5B     12AC       0
                text17                             143E     143E       4D     287C       0
                text16                              531      531       AA        8       0
                text15                             12B9     12B9       36     2572       0
                text14                             121B     121B       23     2436       0
                text13                             1261     1261       26     24C2       0
                text12                              9B1      9B1       5B     1362       0
                text11                             11D8     11D8        8     23B0       0
                text10                              5DB      5DB       25        8       0
                text9                              1654     1654      1AC     2CA8       0
                text8                               A74      A74      299     14E8       0
                text7                              13F6     13F6       48     27EC       0
                text6                              123E     123E       23     247C       0
                text5                              11E0     11E0        8     23C0       0
                text4                              1287     1287       32     250E       0
                text3                              14E3     14E3      171     29C6       0
                text2                                42       42      4EF        8       0
                text1                              12EF     12EF       3B     25DE       0
                maintext                            D0D      D0D      2F3     1A1A       0
                cstackBANK0                          20       20       43       20       1
                cstackCOMMON                         70       70        9       70       1
                cstackBANK1                          A0       A0       22       A0       1
                inittext                           11F0     11F0       11     23E0       0
                clrtext                            11E8     11E8        8     23D0       0
                dataBANK2                           110      110       40      110       1
                bssBANK3                            190      190       40      190       1
                bssBANK1                             C2       C2       20       A0       1
                bssBANK0                             63       63        A       20       1
                bssCOMMON                            79       79        4       70       1
                stringtext                          600      600      341        C       0
                strings                             941      941       12     1282       0
                idataBANK2                         132A     132A       40     2654       0

TOTAL           Name                               Link     Load   Length     Space
        CLASS   STACK          

        CLASS   CODE           
                end_init                             12       12        3         0
                cinit                                15       15       2D         0
                intentry                              4        4        E         0
                reset_vec                             0        0        3         0
                text23                             136A     136A       45         0
                text22                             1201     1201       1A         0
                text21                             148B     148B       58         0
                text20                             13AF     13AF       47         0
                text19                              A0C      A0C       68         0
                text18                              956      956       5B         0
                text17                             143E     143E       4D         0
                text16                              531      531       AA         0
                text15                             12B9     12B9       36         0
                text14                             121B     121B       23         0
                text13                             1261     1261       26         0
                text12                              9B1      9B1       5B         0
                text11                             11D8     11D8        8         0
                text10                              5DB      5DB       25         0
                text9                              1654     1654      1AC         0
                text8                               A74      A74      299         0
                text7                              13F6     13F6       48         0
                text6                              123E     123E       23         0
                text5                              11E0     11E0        8         0
                text4                              1287     1287       32         0
                text3                              14E3     14E3      171         0
                text2                                42       42      4EF         0
                text1                              12EF     12EF       3B         0
                maintext                            D0D      D0D      2F3         0
                inittext                           11F0     11F0       11         0
                clrtext                            11E8     11E8        8         0
                idataBANK2                         132A     132A       40         0

        CLASS   STRCODE        
                stringtext                          600      600      341         0

        CLASS   STRING         
                strings                             941      941       12         0

        CLASS   CONST          

        CLASS   ENTRY          

        CLASS   COMMON         
                cstackCOMMON                         70       70        9         1
                bssCOMMON                            79       79        4         1

        CLASS   BANK0          
                cstackBANK0                          20       20       43         1
                bssBANK0                             63       63        A         1

        CLASS   BANK1          
                cstackBANK1                          A0       A0       22         1
                bssBANK1                             C2       C2       20         1

        CLASS   BANK2          
                dataBANK2                           110      110       40         1

        CLASS   BANK3          
                bssBANK3                            190      190       40         1

        CLASS   RAM            

        CLASS   ABS1           
                abs_s1                               7E       7E        2         1

        CLASS   SFR0           

        CLASS   SFR1           

        CLASS   SFR2           

        CLASS   SFR3           

        CLASS   CONFIG         
                config                             2007     2007        1         0

        CLASS   IDLOC          

        CLASS   EEDATA         



SEGMENTS        Name                           Load    Length   Top    Selector   Space  Class     Delta

                reset_vec                      000000  000003  000003         0       0  CODE        2
                intentry                       000004  0005FC  000600         8       0  CODE        2
                cstackBANK0                    000020  00004D  00006D        20       1  BANK0       1
                cstackCOMMON                   000070  00000D  00007D        70       1  COMMON      1
                cstackBANK1                    0000A0  000042  0000E2        A0       1  BANK1       1
                dataBANK2                      000110  000040  000150       110       1  BANK2       1
                bssBANK3                       000190  000040  0001D0       190       1  BANK3       1
                stringtext                     000600  000341  000941         C       0  STRCODE     2
                strings                        000941  000012  000953      1282       0  STRING      2
                text18                         000956  00005B  0009B1      12AC       0  CODE        2
                text12                         0009B1  00005B  000A0C      1362       0  CODE        2
                text19                         000A0C  000068  000A74      1418       0  CODE        2
                text8                          000A74  000299  000D0D      14E8       0  CODE        2
                maintext                       000D0D  0002F3  001000      1A1A       0  CODE        2
                text11                         0011D8  000008  0011E0      23B0       0  CODE        2
                text5                          0011E0  000008  0011E8      23C0       0  CODE        2
                clrtext                        0011E8  000008  0011F0      23D0       0  CODE        2
                inittext                       0011F0  000011  001201      23E0       0  CODE        2
                text22                         001201  00001A  00121B      2402       0  CODE        2
                text14                         00121B  000023  00123E      2436       0  CODE        2
                text6                          00123E  000023  001261      247C       0  CODE        2
                text13                         001261  000026  001287      24C2       0  CODE        2
                text4                          001287  000032  0012B9      250E       0  CODE        2
                text15                         0012B9  000036  0012EF      2572       0  CODE        2
                text1                          0012EF  00003B  00132A      25DE       0  CODE        2
                idataBANK2                     00132A  000040  00136A      2654       0  CODE        2
                text23                         00136A  000045  0013AF      26D4       0  CODE        2
                text20                         0013AF  000047  0013F6      275E       0  CODE        2
                text7                          0013F6  000048  00143E      27EC       0  CODE        2
                text17                         00143E  00004D  00148B      287C       0  CODE        2
                text21                         00148B  000058  0014E3      2916       0  CODE        2
                text3                          0014E3  000171  001654      29C6       0  CODE        2
                text9                          001654  0001AC  001800      2CA8       0  CODE        2
                config                         002007  000001  002008      400E       0  CONFIG      2


UNUSED ADDRESS RANGES

        Name                Unused          Largest block    Delta
        BANK0            006D-006F              3           1
        BANK1            00E2-00EF              E           1
        BANK2            0150-016F             20           1
        BANK3            01D0-01EF             20           1
        CODE             0003-0003              1           2
                         0953-0955              3
                         1000-11D7            1D8
                         1800-1FFF            800
        COMMON           007D-007D              1           1
        CONST            0003-0003              1           2
                         0953-0955              3
                         1000-11D7            100
                         1800-1FFF            100
        EEDATA           2100-21FF            100           2
        ENTRY            0003-0003              1           2
                         0953-0955              3
                         1000-11D7            100
                         1800-1FFF            100
        IDLOC            2000-2003              4           2
        RAM              006D-006F              3           1
                         00E2-00EF              E
                         0150-016F             20
                         01D0-01EF             20
        SFR0             0000-001F             20           1
        SFR1             0080-009F             20           1
        SFR2             0100-010F             10           1
        SFR3             0180-018F             10           1
        STACK            0150-016F             20           1
        STRCODE          0003-0003              1           2
                         0953-0955              3
                         1000-11D7            1D8
                         1800-1FFF            800
        STRING           0003-0003              1           2
                         0953-0955              3
                         1000-11D7            100
                         1800-1FFF            100

                                  Symbol Table

?_ADC_Read                   cstackBANK0  0020
?___awdiv                    cstackBANK0  0020
?___awmod                    cstackBANK0  0020
?___wmul                     cstackBANK0  0020
ADC_Read@channel             cstackBANK0  0024
LCDBusyLoop@busy             cstackBANK0  0022
LCDBusyLoop@status           cstackBANK0  0024
LCDBusyLoop@temp             cstackBANK0  0023
LCDByte@c                    cstackBANK0  002A
LCDByte@hn                   cstackBANK0  0028
LCDByte@isdata               cstackBANK0  0025
LCDByte@ln                   cstackBANK0  0029
LCDByte@temp                 cstackBANK0  002B
LCDGotoXY@x                  cstackBANK0  002E
LCDGotoXY@y                  cstackBANK0  002C
LCDInit@__i                  cstackBANK0  002F
LCDInit@style                cstackBANK0  002E
LCDWriteChar@cc              cstackBANK0  002D
LCDWriteChar@ch              cstackBANK0  002E
LCDWriteInt@F1171            bssBANK0     0063
LCDWriteInt@field_length     cstackBANK0  002E
LCDWriteInt@i                cstackBANK0  0038
LCDWriteInt@j                cstackBANK0  0036
LCDWriteInt@str              cstackBANK0  0031
LCDWriteInt@val              cstackBANK0  002C
LCDWriteString@cc            cstackBANK0  002F
LCDWriteString@msg           cstackBANK0  002C
POSITION@count               cstackBANK0  0057
POSITION@i                   cstackBANK0  0049
POSITION@i_337               cstackBANK0  004D
POSITION@i_345               cstackBANK0  0059
POSITION@l                   cstackBANK0  004F
POSITION@l_339               cstackBANK0  0051
POSITION@l_343               cstackBANK0  0053
POSITION@l_344               cstackBANK0  0055
POSITION@lat                 cstackBANK0  0040
POSITION@latNS               cstackBANK0  004B
POSITION@longi               cstackBANK0  0036
POSITION@longiEW             cstackBANK0  004C
SPEED@count1                 cstackBANK1  00B2
SPEED@i                      cstackBANK1  00AE
SPEED@i_353                  cstackBANK1  00B8
SPEED@i_354                  cstackBANK1  00B0
SPEED@i_377                  cstackBANK1  00BE
SPEED@kmph                   cstackBANK1  00A7
SPEED@knot                   cstackBANK1  00A0
SPEED@l                      cstackBANK1  00B4
SPEED@l_356                  cstackBANK1  00B6
SPEED@l_359                  cstackBANK1  00BA
SPEED@l_360                  cstackBANK1  00BC
SPEED@l_361                  cstackBANK1  00C0
SendByteSerially@Byte        cstackBANK0  0020
SendStringSerially@st        cstackBANK0  0021
USARTHandleRxInt@data        cstackCOMMON 0074
USARTInit@baud_rate          cstackBANK0  0020
USARTReadData@data           cstackBANK0  0021
USARTWriteInt@F1170          bssBANK0     0068
_ADCON0                      (abs)        001F
_ADCON1                      (abs)        009F
_ADC_Init                    text5        11E0
_ADC_Read                    text4        1287
_ADRESH                      (abs)        001E
_ADRESL                      (abs)        009E
_GIE                         (abs)        005F
_GO_nDONE                    (abs)        00FA
_ISR                         text22       1201
_LCDBusyLoop                 text21       148B
_LCDByte                     text20       13AF
_LCDGotoXY                   text13       1261
_LCDInit                     text19       0A0C
_LCDWriteChar                text15       12B9
_LCDWriteInt                 text16       0531
_LCDWriteString              text12       09B1
_PEIE                        (abs)        005E
_PIR1bits                    (abs)        000C
_PORTD                       (abs)        0008
_POSITION                    text8        0A74
_RB0                         (abs)        0030
_RB1                         (abs)        0031
_RB6                         (abs)        0036
_RCIE                        (abs)        0465
_RCIF                        (abs)        0065
_RCREG                       (abs)        001A
_RCSTAbits                   (abs)        0018
_RD4                         (abs)        0044
_RD5                         (abs)        0045
_RD6                         (abs)        0046
_SPBRG                       (abs)        0099
_SPEED                       text2        0042
_SendByteSerially            text11       11D8
_SendStringSerially          text10       05DB
_TRISA                       (abs)        0085
_TRISB0                      (abs)        0430
_TRISB6                      (abs)        0436
_TRISD                       (abs)        0088
_TRISDbits                   (abs)        0088
_TXIF                        (abs)        0064
_TXREG                       (abs)        0019
_TXSTAbits                   (abs)        0098
_UQEnd                       bssCOMMON    007B
_UQFront                     bssCOMMON    007C
_URBuff                      bssBANK3     0190
_USARTHandleRxInt            text23       136A
_USARTInit                   text7        13F6
_USARTReadData               text14       121B
__CFG_BOREN$ON               (abs)        0000
__CFG_CP$OFF                 (abs)        0000
__CFG_CPD$OFF                (abs)        0000
__CFG_FOSC$HS                (abs)        0000
__CFG_LVP$OFF                (abs)        0000
__CFG_PWRTE$OFF              (abs)        0000
__CFG_WDTE$OFF               (abs)        0000
__CFG_WRT$OFF                (abs)        0000
__Habs1                      abs1         0000
__Hbank0                     bank0        0000
__Hbank1                     bank1        0000
__Hbank2                     bank2        0000
__Hbank3                     bank3        0000
__HbssBANK0                  bssBANK0     0000
__HbssBANK1                  bssBANK1     0000
__HbssBANK3                  bssBANK3     0000
__HbssCOMMON                 bssCOMMON    0000
__Hcinit                     cinit        0042
__Hclrtext                   clrtext      0000
__Hcode                      code         0000
__Hcommon                    common       0000
__Hconfig                    config       2008
__HcstackBANK0               cstackBANK0  0000
__HcstackBANK1               cstackBANK1  0000
__HcstackCOMMON              cstackCOMMON 0000
__HdataBANK2                 dataBANK2    0000
__Heeprom_data               eeprom_data  0000
__Hend_init                  end_init     0015
__Hfunctab                   functab      0000
__HidataBANK2                idataBANK2   0000
__Hidloc                     idloc        0000
__Hinit                      init         0012
__Hinittext                  inittext     0000
__Hintentry                  intentry     0012
__Hmaintext                  maintext     0000
__Hpowerup                   powerup      0000
__Hram                       ram          0000
__Hreset_vec                 reset_vec    0003
__Hsfr0                      sfr0         0000
__Hsfr1                      sfr1         0000
__Hsfr2                      sfr2         0000
__Hsfr3                      sfr3         0000
__Hspace_0                   (abs)        2008
__Hspace_1                   (abs)        01D0
__Hspace_2                   (abs)        0000
__Hspace_3                   (abs)        0000
__Hstack                     stack        0000
__Hstrings                   strings      0000
__Hstringtext                stringtext   0000
__Htext                      text         0000
__Labs1                      abs1         0000
__Lbank0                     bank0        0000
__Lbank1                     bank1        0000
__Lbank2                     bank2        0000
__Lbank3                     bank3        0000
__LbssBANK0                  bssBANK0     0000
__LbssBANK1                  bssBANK1     0000
__LbssBANK3                  bssBANK3     0000
__LbssCOMMON                 bssCOMMON    0000
__Lcinit                     cinit        0015
__Lclrtext                   clrtext      0000
__Lcode                      code         0000
__Lcommon                    common       0000
__Lconfig                    config       2007
__LcstackBANK0               cstackBANK0  0000
__LcstackBANK1               cstackBANK1  0000
__LcstackCOMMON              cstackCOMMON 0000
__LdataBANK2                 dataBANK2    0000
__Leeprom_data               eeprom_data  0000
__Lend_init                  end_init     0012
__Lfunctab                   functab      0000
__LidataBANK2                idataBANK2   0000
__Lidloc                     idloc        0000
__Linit                      init         0012
__Linittext                  inittext     0000
__Lintentry                  intentry     0004
__Lmaintext                  maintext     0000
__Lpowerup                   powerup      0000
__Lram                       ram          0000
__Lreset_vec                 reset_vec    0000
__Lsfr0                      sfr0         0000
__Lsfr1                      sfr1         0000
__Lsfr2                      sfr2         0000
__Lsfr3                      sfr3         0000
__Lspace_0                   (abs)        0000
__Lspace_1                   (abs)        0000
__Lspace_2                   (abs)        0000
__Lspace_3                   (abs)        0000
__Lstack                     stack        0000
__Lstrings                   strings      0000
__Lstringtext                stringtext   0000
__Ltext                      text         0000
__S0                         (abs)        2008
__S1                         (abs)        01D0
__S2                         (abs)        0000
__S3                         (abs)        0000
___awdiv                     text18       0956
___awdiv@counter             cstackBANK0  0025
___awdiv@dividend            cstackBANK0  0022
___awdiv@divisor             cstackBANK0  0020
___awdiv@quotient            cstackBANK0  0027
___awdiv@sign                cstackBANK0  0026
___awmod                     text17       143E
___awmod@counter             cstackBANK0  0025
___awmod@dividend            cstackBANK0  0022
___awmod@divisor             cstackBANK0  0020
___awmod@sign                cstackBANK0  0026
___cgram                     dataBANK2    0110
___int_sp                    stack        0000
___latbits                   (abs)        0002
___sp                        stack        0000
___wmul                      text6        123E
___wmul@multiplicand         cstackBANK0  0022
___wmul@multiplier           cstackBANK0  0020
___wmul@product              cstackBANK0  0024
__end_of_ADC_Init            text5        11E8
__end_of_ADC_Read            text4        12B9
__end_of_ISR                 text22       121B
__end_of_LCDBusyLoop         text21       14E3
__end_of_LCDByte             text20       13F6
__end_of_LCDGotoXY           text13       1287
__end_of_LCDInit             text19       0A74
__end_of_LCDWriteChar        text15       12EF
__end_of_LCDWriteInt         text16       05DB
__end_of_LCDWriteString      text12       0A0C
__end_of_POSITION            text8        0D0D
__end_of_SPEED               text2        0531
__end_of_SendByteSerially    text11       11E0
__end_of_SendStringSerially  text10       0600
__end_of_USARTHandleRxInt    text23       13AF
__end_of_USARTInit           text7        143E
__end_of_USARTReadData       text14       123E
__end_of___awdiv             text18       09B1
__end_of___awmod             text17       148B
__end_of___wmul              text6        1261
__end_of__initialization     cinit        003E
__end_of__stringtab          strings      0953
__end_of_buzzerTone          text1        132A
__end_of_fireIndiSend        text3        1654
__end_of_main                maintext     1000
__end_of_sendByGPRS          text9        1800
__initialization             cinit        0015
__pbssBANK0                  bssBANK0     0063
__pbssBANK1                  bssBANK1     00C2
__pbssBANK3                  bssBANK3     0190
__pbssCOMMON                 bssCOMMON    0079
__pcstackBANK0               cstackBANK0  0020
__pcstackBANK1               cstackBANK1  00A0
__pcstackCOMMON              cstackCOMMON 0070
__pdataBANK2                 dataBANK2    0110
__pidataBANK2                idataBANK2   132A
__pintentry                  intentry     0004
__pmaintext                  maintext     0D0D
__pstrings                   strings      0941
__pstringtext                stringtext   0600
__ptext1                     text1        12EF
__ptext10                    text10       05DB
__ptext11                    text11       11D8
__ptext12                    text12       09B1
__ptext13                    text13       1261
__ptext14                    text14       121B
__ptext15                    text15       12B9
__ptext16                    text16       0531
__ptext17                    text17       143E
__ptext18                    text18       0956
__ptext19                    text19       0A0C
__ptext2                     text2        0042
__ptext20                    text20       13AF
__ptext21                    text21       148B
__ptext22                    text22       1201
__ptext23                    text23       136A
__ptext3                     text3        14E3
__ptext4                     text4        1287
__ptext5                     text5        11E0
__ptext6                     text6        123E
__ptext7                     text7        13F6
__ptext8                     text8        0A74
__ptext9                     text9        1654
__size_of_ADC_Init           (abs)        0000
__size_of_ADC_Read           (abs)        0000
__size_of_ISR                (abs)        0000
__size_of_LCDBusyLoop        (abs)        0000
__size_of_LCDByte            (abs)        0000
__size_of_LCDGotoXY          (abs)        0000
__size_of_LCDInit            (abs)        0000
__size_of_LCDWriteChar       (abs)        0000
__size_of_LCDWriteInt        (abs)        0000
__size_of_LCDWriteString     (abs)        0000
__size_of_POSITION           (abs)        0000
__size_of_SPEED              (abs)        0000
__size_of_SendByteSerially   (abs)        0000
__size_of_SendStringSerially (abs)        0000
__size_of_USARTHandleRxInt   (abs)        0000
__size_of_USARTInit          (abs)        0000
__size_of_USARTReadData      (abs)        0000
__size_of___awdiv            (abs)        0000
__size_of___awmod            (abs)        0000
__size_of___wmul             (abs)        0000
__size_of_buzzerTone         (abs)        0000
__size_of_fireIndiSend       (abs)        0000
__size_of_main               (abs)        0000
__size_of_sendByGPRS         (abs)        0000
__stringbase                 strings      0953
__stringtab                  strings      0941
_buzzerTone                  text1        12EF
_checkSpd                    bssBANK1     00C2
_co                          bssBANK1     00C4
_fireIndiSend                text3        14E3
_main                        maintext     0D0D
_sendByGPRS                  text9        1654
_sendLa                      bssBANK1     00D2
_sendLo                      bssBANK1     00C8
_sendS                       bssBANK1     00DB
_warNo                       bssBANK1     00C6
btemp                        (abs)        007E
buzzerTone@i                 cstackBANK0  0023
clear_ram0                   clrtext      11E8
end_of_initialization        cinit        003E
fireIndiSend@a               cstackBANK0  0033
init_fetch0                  inittext     11F0
init_ram0                    inittext     11F4
interrupt_function           intentry     0004
intlevel0                    functab      0000
intlevel1                    functab      0000
intlevel2                    functab      0000
intlevel3                    functab      0000
intlevel4                    functab      0000
intlevel5                    functab      0000
ltemp                        (abs)        007E
ltemp0                       (abs)        007E
ltemp1                       (abs)        0082
ltemp2                       (abs)        0086
ltemp3                       (abs)        0080
main@i                       cstackBANK0  0061
reset_vec                    reset_vec    0000
saved_w                      (abs)        007E
stackhi                      (abs)        0000
stacklo                      (abs)        0000
start                        init         0012
start_initialization         cinit        0015
ttemp                        (abs)        007E
ttemp0                       (abs)        007E
ttemp1                       (abs)        0081
ttemp2                       (abs)        0084
ttemp3                       (abs)        0087
ttemp4                       (abs)        007F
wtemp                        (abs)        007E
wtemp0                       (abs)        007E
wtemp1                       (abs)        0080
wtemp2                       (abs)        0082
wtemp3                       (abs)        0084
wtemp4                       (abs)        0086
wtemp5                       (abs)        0088
wtemp6                       (abs)        007F


FUNCTION INFORMATION:

 *************** function _main *****************
 Defined at:
		line 494 in file "Main.c"
 Parameters:    Size  Location     Type
		None
 Auto vars:     Size  Location     Type
  i               2   65[BANK0 ] int 
 Return value:  Size  Location     Type
		None               void
 Registers used:
		wreg, fsr0l, fsr0h, status,2, status,0, btemp+1, pclath, cstack
 Tracked objects:
		On entry : 
		On exit  : 
		Unchanged: 
 Data sizes:     COMMON   BANK0   BANK1   BANK3   BANK2
      Params:         0       0       0       0       0
      Locals:         0       2       0       0       0
      Temps:          0       3       0       0       0
      Totals:         0       5       0       0       0
Total ram usage:        5 bytes
 Hardware stack levels required when called:    8
 This function calls:
		_LCDByte
		_LCDGotoXY
		_LCDInit
		_LCDWriteInt
		_LCDWriteString
		_SPEED
		_buzzerTone
 This function is called by:
		Startup code after reset
 This function uses a non-reentrant model


 *************** function _buzzerTone *****************
 Defined at:
		line 419 in file "Main.c"
 Parameters:    Size  Location     Type
		None
 Auto vars:     Size  Location     Type
  i               2    3[BANK0 ] int 
 Return value:  Size  Location     Type
		None               void
 Registers used:
		wreg, status,2, btemp+1
 Tracked objects:
		On entry : 
		On exit  : 
		Unchanged: 
 Data sizes:     COMMON   BANK0   BANK1   BANK3   BANK2
      Params:         0       0       0       0       0
      Locals:         0       2       0       0       0
      Temps:          0       3       0       0       0
      Totals:         0       5       0       0       0
Total ram usage:        5 bytes
 Hardware stack levels used:    1
 Hardware stack levels required when called:    2
 This function calls:
		Nothing
 This function is called by:
		_main
 This function uses a non-reentrant model


 *************** function _SPEED *****************
 Defined at:
		line 247 in file "Main.c"
 Parameters:    Size  Location     Type
		None
 Auto vars:     Size  Location     Type
  l               2   22[BANK1 ] int 
  l               2   20[BANK1 ] int 
  i               2   16[BANK1 ] int 
  i               2   30[BANK1 ] int 
  l               2   32[BANK1 ] int 
  l               2   28[BANK1 ] int 
  l               2   26[BANK1 ] int 
  i               2   24[BANK1 ] int 
  kmph            7    7[BANK1 ] unsigned char [7]
  knot            7    0[BANK1 ] unsigned char [7]
  count1          2   18[BANK1 ] int 
  i               2   14[BANK1 ] int 
 Return value:  Size  Location     Type
		None               void
 Registers used:
		wreg, fsr0l, fsr0h, status,2, status,0, btemp+1, pclath, cstack
 Tracked objects:
		On entry : 
		On exit  : 
		Unchanged: 
 Data sizes:     COMMON   BANK0   BANK1   BANK3   BANK2
      Params:         0       0       0       0       0
      Locals:         0       0      34       0       0
      Temps:          0       3       0       0       0
      Totals:         0       3      34       0       0
Total ram usage:       37 bytes
 Hardware stack levels used:    1
 Hardware stack levels required when called:    7
 This function calls:
		_LCDByte
		_LCDGotoXY
		_LCDWriteChar
		_LCDWriteInt
		_LCDWriteString
		_POSITION
		_SendByteSerially
		_SendStringSerially
		_USARTInit
		_USARTReadData
		___awmod
		___wmul
		_fireIndiSend
 This function is called by:
		_main
 This function uses a non-reentrant model


 *************** function _fireIndiSend *****************
 Defined at:
		line 446 in file "Main.c"
 Parameters:    Size  Location     Type
		None
 Auto vars:     Size  Location     Type
  a               2   19[BANK0 ] unsigned int 
 Return value:  Size  Location     Type
		None               void
 Registers used:
		wreg, fsr0l, fsr0h, status,2, status,0, btemp+1, pclath, cstack
 Tracked objects:
		On entry : 
		On exit  : 
		Unchanged: 
 Data sizes:     COMMON   BANK0   BANK1   BANK3   BANK2
      Params:         0       0       0       0       0
      Locals:         0       2       0       0       0
      Temps:          0       3       0       0       0
      Totals:         0       5       0       0       0
Total ram usage:        5 bytes
 Hardware stack levels used:    1
 Hardware stack levels required when called:    5
 This function calls:
		_ADC_Init
		_ADC_Read
		_LCDByte
		_LCDGotoXY
		_LCDWriteString
		_SendByteSerially
		_SendStringSerially
 This function is called by:
		_SPEED
 This function uses a non-reentrant model


 *************** function _ADC_Read *****************
 Defined at:
		line 434 in file "Main.c"
 Parameters:    Size  Location     Type
  channel         1    wreg     unsigned char 
 Auto vars:     Size  Location     Type
  channel         1    4[BANK0 ] unsigned char 
 Return value:  Size  Location     Type
                  2    0[BANK0 ] unsigned int 
 Registers used:
		wreg, status,2, status,0
 Tracked objects:
		On entry : 
		On exit  : 
		Unchanged: 
 Data sizes:     COMMON   BANK0   BANK1   BANK3   BANK2
      Params:         0       2       0       0       0
      Locals:         0       1       0       0       0
      Temps:          0       2       0       0       0
      Totals:         0       5       0       0       0
Total ram usage:        5 bytes
 Hardware stack levels used:    1
 Hardware stack levels required when called:    2
 This function calls:
		Nothing
 This function is called by:
		_fireIndiSend
 This function uses a non-reentrant model


 *************** function _ADC_Init *****************
 Defined at:
		line 429 in file "Main.c"
 Parameters:    Size  Location     Type
		None
 Auto vars:     Size  Location     Type
		None
 Return value:  Size  Location     Type
		None               void
 Registers used:
		wreg, status,2
 Tracked objects:
		On entry : 
		On exit  : 
		Unchanged: 
 Data sizes:     COMMON   BANK0   BANK1   BANK3   BANK2
      Params:         0       0       0       0       0
      Locals:         0       0       0       0       0
      Temps:          0       0       0       0       0
      Totals:         0       0       0       0       0
Total ram usage:        0 bytes
 Hardware stack levels used:    1
 Hardware stack levels required when called:    2
 This function calls:
		Nothing
 This function is called by:
		_fireIndiSend
 This function uses a non-reentrant model


 *************** function ___wmul *****************
 Defined at:
		line 15 in file "C:\Program Files (x86)\Microchip\xc8\v1.35\sources\common\Umul16.c"
 Parameters:    Size  Location     Type
  multiplier      2    0[BANK0 ] unsigned int 
  multiplicand    2    2[BANK0 ] unsigned int 
 Auto vars:     Size  Location     Type
  product         2    4[BANK0 ] unsigned int 
 Return value:  Size  Location     Type
                  2    0[BANK0 ] unsigned int 
 Registers used:
		wreg, status,2, status,0
 Tracked objects:
		On entry : 
		On exit  : 
		Unchanged: 
 Data sizes:     COMMON   BANK0   BANK1   BANK3   BANK2
      Params:         0       4       0       0       0
      Locals:         0       2       0       0       0
      Temps:          0       0       0       0       0
      Totals:         0       6       0       0       0
Total ram usage:        6 bytes
 Hardware stack levels used:    1
 Hardware stack levels required when called:    2
 This function calls:
		Nothing
 This function is called by:
		_SPEED
 This function uses a non-reentrant model


 *************** function _USARTInit *****************
 Defined at:
		line 32 in file "usart_pic16.c"
 Parameters:    Size  Location     Type
  baud_rate       2    0[BANK0 ] unsigned int 
 Auto vars:     Size  Location     Type
		None
 Return value:  Size  Location     Type
		None               void
 Registers used:
		wreg, fsr0l, fsr0h, status,2, status,0
 Tracked objects:
		On entry : 
		On exit  : 
		Unchanged: 
 Data sizes:     COMMON   BANK0   BANK1   BANK3   BANK2
      Params:         0       2       0       0       0
      Locals:         0       0       0       0       0
      Temps:          0       1       0       0       0
      Totals:         0       3       0       0       0
Total ram usage:        3 bytes
 Hardware stack levels used:    1
 Hardware stack levels required when called:    2
 This function calls:
		Nothing
 This function is called by:
		_SPEED
 This function uses a non-reentrant model


 *************** function _POSITION *****************
 Defined at:
		line 145 in file "Main.c"
 Parameters:    Size  Location     Type
		None
 Auto vars:     Size  Location     Type
  l               2   49[BANK0 ] int 
  l               2   47[BANK0 ] int 
  i               2   45[BANK0 ] int 
  i               2   57[BANK0 ] int 
  l               2   53[BANK0 ] int 
  l               2   51[BANK0 ] int 
  longi          10   22[BANK0 ] unsigned char [10]
  lat             9   32[BANK0 ] unsigned char [9]
  count           2   55[BANK0 ] int 
  i               2   41[BANK0 ] int 
  longiEW         1   44[BANK0 ] unsigned char 
  latNS           1   43[BANK0 ] unsigned char 
 Return value:  Size  Location     Type
		None               void
 Registers used:
		wreg, fsr0l, fsr0h, status,2, status,0, btemp+1, pclath, cstack
 Tracked objects:
		On entry : 
		On exit  : 
		Unchanged: 
 Data sizes:     COMMON   BANK0   BANK1   BANK3   BANK2
      Params:         0       0       0       0       0
      Locals:         0      37       0       0       0
      Temps:          0       3       0       0       0
      Totals:         0      40       0       0       0
Total ram usage:       40 bytes
 Hardware stack levels used:    1
 Hardware stack levels required when called:    6
 This function calls:
		_LCDGotoXY
		_LCDWriteChar
		_LCDWriteString
		_USARTReadData
		___awmod
		_sendByGPRS
 This function is called by:
		_SPEED
 This function uses a non-reentrant model


 *************** function _sendByGPRS *****************
 Defined at:
		line 74 in file "Main.c"
 Parameters:    Size  Location     Type
		None
 Auto vars:     Size  Location     Type
		None
 Return value:  Size  Location     Type
		None               void
 Registers used:
		wreg, fsr0l, fsr0h, status,2, status,0, btemp+1, pclath, cstack
 Tracked objects:
		On entry : 
		On exit  : 
		Unchanged: 
 Data sizes:     COMMON   BANK0   BANK1   BANK3   BANK2
      Params:         0       0       0       0       0
      Locals:         0       0       0       0       0
      Temps:          0       3       0       0       0
      Totals:         0       3       0       0       0
Total ram usage:        3 bytes
 Hardware stack levels used:    1
 Hardware stack levels required when called:    5
 This function calls:
		_LCDByte
		_LCDGotoXY
		_LCDWriteString
		_SendByteSerially
		_SendStringSerially
 This function is called by:
		_POSITION
 This function uses a non-reentrant model


 *************** function _SendStringSerially *****************
 Defined at:
		line 69 in file "Main.c"
 Parameters:    Size  Location     Type
  st              2    1[BANK0 ] PTR const unsigned char 
		 -> STR_39(28), STR_38(24), STR_37(10), STR_32(36), 
		 -> STR_31(24), STR_30(10), STR_25(35), STR_24(24), 
		 -> STR_23(10), STR_13(16), STR_12(2), sendLo(10), 
		 -> STR_11(8), sendLa(9), STR_10(7), sendS(7), 
		 -> STR_9(64), STR_8(12), STR_7(13), STR_6(27), 
		 -> STR_5(30), STR_4(10), STR_3(7), 
 Auto vars:     Size  Location     Type
		None
 Return value:  Size  Location     Type
		None               void
 Registers used:
		wreg, fsr0l, fsr0h, status,2, status,0, btemp+1, pclath, cstack
 Tracked objects:
		On entry : 
		On exit  : 
		Unchanged: 
 Data sizes:     COMMON   BANK0   BANK1   BANK3   BANK2
      Params:         0       2       0       0       0
      Locals:         0       0       0       0       0
      Temps:          0       0       0       0       0
      Totals:         0       2       0       0       0
Total ram usage:        2 bytes
 Hardware stack levels used:    1
 Hardware stack levels required when called:    3
 This function calls:
		_SendByteSerially
 This function is called by:
		_sendByGPRS
		_SPEED
		_fireIndiSend
 This function uses a non-reentrant model


 *************** function _SendByteSerially *****************
 Defined at:
		line 63 in file "Main.c"
 Parameters:    Size  Location     Type
  Byte            1    wreg     unsigned char 
 Auto vars:     Size  Location     Type
  Byte            1    0[BANK0 ] unsigned char 
 Return value:  Size  Location     Type
		None               void
 Registers used:
		wreg
 Tracked objects:
		On entry : 
		On exit  : 
		Unchanged: 
 Data sizes:     COMMON   BANK0   BANK1   BANK3   BANK2
      Params:         0       0       0       0       0
      Locals:         0       1       0       0       0
      Temps:          0       0       0       0       0
      Totals:         0       1       0       0       0
Total ram usage:        1 bytes
 Hardware stack levels used:    1
 Hardware stack levels required when called:    2
 This function calls:
		Nothing
 This function is called by:
		_SendStringSerially
		_sendByGPRS
		_SPEED
		_fireIndiSend
 This function uses a non-reentrant model


 *************** function _LCDWriteString *****************
 Defined at:
		line 251 in file "lcd_hd44780_pic16.c"
 Parameters:    Size  Location     Type
  msg             2   12[BANK0 ] PTR const unsigned char 
		 -> STR_63(8), STR_62(4), STR_61(18), STR_60(7), 
		 -> STR_59(19), STR_58(3), STR_57(18), STR_56(10), 
		 -> STR_55(16), STR_54(8), STR_53(6), STR_52(20), 
		 -> STR_51(6), STR_50(19), STR_49(12), STR_48(15), 
		 -> STR_47(11), STR_46(11), STR_45(3), STR_44(8), 
		 -> STR_43(13), STR_42(16), STR_41(20), STR_40(13), 
		 -> STR_36(6), STR_35(13), STR_34(16), STR_33(17), 
		 -> STR_29(6), STR_28(19), STR_27(16), STR_26(17), 
		 -> STR_22(14), STR_21(16), STR_20(18), STR_19(6), 
		 -> STR_18(6), STR_17(6), STR_16(6), STR_15(6), 
		 -> STR_14(13), STR_2(10), STR_1(17), 
 Auto vars:     Size  Location     Type
  cc              1   15[BANK0 ] char 
 Return value:  Size  Location     Type
		None               void
 Registers used:
		wreg, fsr0l, fsr0h, status,2, status,0, btemp+1, pclath, cstack
 Tracked objects:
		On entry : 
		On exit  : 
		Unchanged: 
 Data sizes:     COMMON   BANK0   BANK1   BANK3   BANK2
      Params:         0       2       0       0       0
      Locals:         0       1       0       0       0
      Temps:          0       1       0       0       0
      Totals:         0       4       0       0       0
Total ram usage:        4 bytes
 Hardware stack levels used:    1
 Hardware stack levels required when called:    4
 This function calls:
		_LCDByte
 This function is called by:
		_sendByGPRS
		_POSITION
		_SPEED
		_fireIndiSend
		_main
 This function uses a non-reentrant model


 *************** function _LCDGotoXY *****************
 Defined at:
		line 352 in file "lcd_hd44780_pic16.c"
 Parameters:    Size  Location     Type
  x               1    wreg     unsigned char 
  y               1   12[BANK0 ] unsigned char 
 Auto vars:     Size  Location     Type
  x               1   14[BANK0 ] unsigned char 
 Return value:  Size  Location     Type
		None               void
 Registers used:
		wreg, fsr0l, fsr0h, status,2, status,0, pclath, cstack
 Tracked objects:
		On entry : 
		On exit  : 
		Unchanged: 
 Data sizes:     COMMON   BANK0   BANK1   BANK3   BANK2
      Params:         0       1       0       0       0
      Locals:         0       1       0       0       0
      Temps:          0       1       0       0       0
      Totals:         0       3       0       0       0
Total ram usage:        3 bytes
 Hardware stack levels used:    1
 Hardware stack levels required when called:    4
 This function calls:
		_LCDByte
 This function is called by:
		_sendByGPRS
		_POSITION
		_SPEED
		_fireIndiSend
		_main
 This function uses a non-reentrant model


 *************** function _USARTReadData *****************
 Defined at:
		line 125 in file "usart_pic16.c"
 Parameters:    Size  Location     Type
		None
 Auto vars:     Size  Location     Type
  data            1    1[BANK0 ] unsigned char 
 Return value:  Size  Location     Type
                  1    wreg      unsigned char 
 Registers used:
		wreg, fsr0l, fsr0h, status,2, status,0
 Tracked objects:
		On entry : 
		On exit  : 
		Unchanged: 
 Data sizes:     COMMON   BANK0   BANK1   BANK3   BANK2
      Params:         0       0       0       0       0
      Locals:         0       1       0       0       0
      Temps:          0       1       0       0       0
      Totals:         0       2       0       0       0
Total ram usage:        2 bytes
 Hardware stack levels used:    1
 Hardware stack levels required when called:    2
 This function calls:
		Nothing
 This function is called by:
		_POSITION
		_SPEED
		_USARTReadBuffer
		_USARTFlushBuffer
 This function uses a non-reentrant model


 *************** function _LCDWriteChar *****************
 Defined at:
		line 396 in file "lcd_hd44780_pic16.c"
 Parameters:    Size  Location     Type
  ch              1    wreg     unsigned char 
 Auto vars:     Size  Location     Type
  ch              1   14[BANK0 ] unsigned char 
  cc              1   13[BANK0 ] char 
 Return value:  Size  Location     Type
		None               void
 Registers used:
		wreg, status,2, status,0, pclath, cstack
 Tracked objects:
		On entry : 
		On exit  : 
		Unchanged: 
 Data sizes:     COMMON   BANK0   BANK1   BANK3   BANK2
      Params:         0       0       0       0       0
      Locals:         0       2       0       0       0
      Temps:          0       1       0       0       0
      Totals:         0       3       0       0       0
Total ram usage:        3 bytes
 Hardware stack levels used:    1
 Hardware stack levels required when called:    4
 This function calls:
		_LCDByte
 This function is called by:
		_POSITION
		_SPEED
 This function uses a non-reentrant model


 *************** function _LCDWriteInt *****************
 Defined at:
		line 307 in file "lcd_hd44780_pic16.c"
 Parameters:    Size  Location     Type
  val             2   12[BANK0 ] int 
  field_length    1   14[BANK0 ] char 
 Auto vars:     Size  Location     Type
  str             5   17[BANK0 ] unsigned char [5]
  i               2   24[BANK0 ] int 
  j               2   22[BANK0 ] int 
 Return value:  Size  Location     Type
		None               void
 Registers used:
		wreg, fsr0l, fsr0h, status,2, status,0, btemp+1, pclath, cstack
 Tracked objects:
		On entry : 
		On exit  : 
		Unchanged: 
 Data sizes:     COMMON   BANK0   BANK1   BANK3   BANK2
      Params:         0       3       0       0       0
      Locals:         0       9       0       0       0
      Temps:          0       2       0       0       0
      Totals:         0      14       0       0       0
Total ram usage:       14 bytes
 Hardware stack levels used:    1
 Hardware stack levels required when called:    4
 This function calls:
		_LCDByte
		___awdiv
		___awmod
 This function is called by:
		_SPEED
		_main
 This function uses a non-reentrant model


 *************** function ___awmod *****************
 Defined at:
		line 6 in file "C:\Program Files (x86)\Microchip\xc8\v1.35\sources\common\awmod.c"
 Parameters:    Size  Location     Type
  divisor         2    0[BANK0 ] int 
  dividend        2    2[BANK0 ] int 
 Auto vars:     Size  Location     Type
  sign            1    6[BANK0 ] unsigned char 
  counter         1    5[BANK0 ] unsigned char 
 Return value:  Size  Location     Type
                  2    0[BANK0 ] int 
 Registers used:
		wreg, status,2, status,0
 Tracked objects:
		On entry : 
		On exit  : 
		Unchanged: 
 Data sizes:     COMMON   BANK0   BANK1   BANK3   BANK2
      Params:         0       4       0       0       0
      Locals:         0       2       0       0       0
      Temps:          0       1       0       0       0
      Totals:         0       7       0       0       0
Total ram usage:        7 bytes
 Hardware stack levels used:    1
 Hardware stack levels required when called:    2
 This function calls:
		Nothing
 This function is called by:
		_LCDWriteInt
		_POSITION
		_SPEED
		_USARTWriteInt
 This function uses a non-reentrant model


 *************** function ___awdiv *****************
 Defined at:
		line 6 in file "C:\Program Files (x86)\Microchip\xc8\v1.35\sources\common\awdiv.c"
 Parameters:    Size  Location     Type
  divisor         2    0[BANK0 ] int 
  dividend        2    2[BANK0 ] int 
 Auto vars:     Size  Location     Type
  quotient        2    7[BANK0 ] int 
  sign            1    6[BANK0 ] unsigned char 
  counter         1    5[BANK0 ] unsigned char 
 Return value:  Size  Location     Type
                  2    0[BANK0 ] int 
 Registers used:
		wreg, status,2, status,0
 Tracked objects:
		On entry : 
		On exit  : 
		Unchanged: 
 Data sizes:     COMMON   BANK0   BANK1   BANK3   BANK2
      Params:         0       4       0       0       0
      Locals:         0       4       0       0       0
      Temps:          0       1       0       0       0
      Totals:         0       9       0       0       0
Total ram usage:        9 bytes
 Hardware stack levels used:    1
 Hardware stack levels required when called:    2
 This function calls:
		Nothing
 This function is called by:
		_LCDWriteInt
		_USARTWriteInt
 This function uses a non-reentrant model


 *************** function _LCDInit *****************
 Defined at:
		line 193 in file "lcd_hd44780_pic16.c"
 Parameters:    Size  Location     Type
  style           1    wreg     unsigned char 
 Auto vars:     Size  Location     Type
  style           1   14[BANK0 ] unsigned char 
  __i             1   15[BANK0 ] unsigned char 
 Return value:  Size  Location     Type
		None               void
 Registers used:
		wreg, fsr0l, fsr0h, status,2, status,0, pclath, cstack
 Tracked objects:
		On entry : 
		On exit  : 
		Unchanged: 
 Data sizes:     COMMON   BANK0   BANK1   BANK3   BANK2
      Params:         0       0       0       0       0
      Locals:         0       2       0       0       0
      Temps:          0       2       0       0       0
      Totals:         0       4       0       0       0
Total ram usage:        4 bytes
 Hardware stack levels used:    1
 Hardware stack levels required when called:    4
 This function calls:
		_LCDBusyLoop
		_LCDByte
 This function is called by:
		_main
 This function uses a non-reentrant model


 *************** function _LCDByte *****************
 Defined at:
		line 80 in file "lcd_hd44780_pic16.c"
 Parameters:    Size  Location     Type
  c               1    wreg     unsigned char 
  isdata          1    5[BANK0 ] unsigned char 
 Auto vars:     Size  Location     Type
  c               1   10[BANK0 ] unsigned char 
  temp            1   11[BANK0 ] unsigned char 
  ln              1    9[BANK0 ] unsigned char 
  hn              1    8[BANK0 ] unsigned char 
 Return value:  Size  Location     Type
		None               void
 Registers used:
		wreg, status,2, status,0, pclath, cstack
 Tracked objects:
		On entry : 
		On exit  : 
		Unchanged: 
 Data sizes:     COMMON   BANK0   BANK1   BANK3   BANK2
      Params:         0       1       0       0       0
      Locals:         0       4       0       0       0
      Temps:          0       2       0       0       0
      Totals:         0       7       0       0       0
Total ram usage:        7 bytes
 Hardware stack levels used:    1
 Hardware stack levels required when called:    3
 This function calls:
		_LCDBusyLoop
 This function is called by:
		_LCDInit
		_LCDWriteString
		_LCDWriteInt
		_LCDGotoXY
		_LCDWriteChar
		_sendByGPRS
		_SPEED
		_fireIndiSend
		_main
 This function uses a non-reentrant model


 *************** function _LCDBusyLoop *****************
 Defined at:
		line 135 in file "lcd_hd44780_pic16.c"
 Parameters:    Size  Location     Type
		None
 Auto vars:     Size  Location     Type
  status          1    4[BANK0 ] unsigned char 
  temp            1    3[BANK0 ] unsigned char 
  busy            1    2[BANK0 ] unsigned char 
 Return value:  Size  Location     Type
		None               void
 Registers used:
		wreg, status,2, status,0
 Tracked objects:
		On entry : 
		On exit  : 
		Unchanged: 
 Data sizes:     COMMON   BANK0   BANK1   BANK3   BANK2
      Params:         0       0       0       0       0
      Locals:         0       3       0       0       0
      Temps:          0       2       0       0       0
      Totals:         0       5       0       0       0
Total ram usage:        5 bytes
 Hardware stack levels used:    1
 Hardware stack levels required when called:    2
 This function calls:
		Nothing
 This function is called by:
		_LCDByte
		_LCDInit
 This function uses a non-reentrant model


 *************** function _ISR *****************
 Defined at:
		line 6 in file "isr.c"
 Parameters:    Size  Location     Type
		None
 Auto vars:     Size  Location     Type
		None
 Return value:  Size  Location     Type
		None               void
 Registers used:
		wreg, fsr0l, fsr0h, status,2, status,0, pclath, cstack
 Tracked objects:
		On entry : 
		On exit  : 
		Unchanged: 
 Data sizes:     COMMON   BANK0   BANK1   BANK3   BANK2
      Params:         0       0       0       0       0
      Locals:         0       0       0       0       0
      Temps:          4       0       0       0       0
      Totals:         4       0       0       0       0
Total ram usage:        4 bytes
 Hardware stack levels used:    1
 Hardware stack levels required when called:    1
 This function calls:
		_USARTHandleRxInt
 This function is called by:
		Interrupt level 1
 This function uses a non-reentrant model


 *************** function _USARTHandleRxInt *****************
 Defined at:
		line 96 in file "usart_pic16.c"
 Parameters:    Size  Location     Type
		None
 Auto vars:     Size  Location     Type
  data            1    4[COMMON] unsigned char 
 Return value:  Size  Location     Type
		None               void
 Registers used:
		wreg, fsr0l, fsr0h, status,2, status,0
 Tracked objects:
		On entry : 
		On exit  : 
		Unchanged: 
 Data sizes:     COMMON   BANK0   BANK1   BANK3   BANK2
      Params:         0       0       0       0       0
      Locals:         1       0       0       0       0
      Temps:          4       0       0       0       0
      Totals:         5       0       0       0       0
Total ram usage:        5 bytes
 Hardware stack levels used:    1
 This function calls:
		Nothing
 This function is called by:
		_ISR
 This function uses a non-reentrant model



MODULE INFORMATION

Module		Function		Class		Link	Load	Size
C:\Program Files (x86)\Microchip\xc8\v1.35\sources\common\awdiv.c
		___awdiv       		CODE           	0956	0000	92

C:\Program Files (x86)\Microchip\xc8\v1.35\sources\common\awdiv.c estimated size: 92

usart_pic16.c
		_USARTHandleRxInt		CODE           	136A	0000	70
		_USARTInit     		CODE           	13F6	0000	73
		_USARTReadData 		CODE           	121B	0000	36

usart_pic16.c estimated size: 179

isr.c
		_ISR           		CODE           	1201	0000	27

isr.c estimated size: 27

Main.c
		_fireIndiSend  		CODE           	14E3	0000	370
		_SPEED         		CODE           	0042	0000	1264
		_main          		CODE           	0D0D	0000	756
		_POSITION      		CODE           	0A74	0000	666
		_SendByteSerially		CODE           	11D8	0000	9
		_sendByGPRS    		CODE           	1654	0000	429
		_buzzerTone    		CODE           	12EF	0000	60
		_ADC_Read      		CODE           	1287	0000	51
		_ADC_Init      		CODE           	11E0	0000	9
		_SendStringSerially		CODE           	05DB	0000	38

Main.c estimated size: 3652

shared
		__stringtab    		STRING         	0941	0000	19
		__initialization		CODE           	0015	0000	42

shared estimated size: 61

C:\Program Files (x86)\Microchip\xc8\v1.35\sources\common\awmod.c
		___awmod       		CODE           	143E	0000	78

C:\Program Files (x86)\Microchip\xc8\v1.35\sources\common\awmod.c estimated size: 78

lcd_hd44780_pic16.c
		_LCDByte       		CODE           	13AF	0000	72
		_LCDWriteInt   		CODE           	0531	0000	171
		_LCDWriteChar  		CODE           	12B9	0000	55
		_LCDInit       		CODE           	0A0C	0000	105
		_LCDWriteString		CODE           	09B1	0000	92
		_LCDGotoXY     		CODE           	1261	0000	39
		_LCDBusyLoop   		CODE           	148B	0000	89

lcd_hd44780_pic16.c estimated size: 623

C:\Program Files (x86)\Microchip\xc8\v1.35\sources\common\Umul16.c
		___wmul        		CODE           	123E	0000	36

C:\Program Files (x86)\Microchip\xc8\v1.35\sources\common\Umul16.c estimated size: 36

